Number of threads: 20
10001
Maximum Extinction Time: 9
Average Extinction Time: 6.2259931011461
number of times greater than 60: 0
number times greater than 70: 0
number times greater than 80: 0
10001
Maximum Extinction Time: 9
Average Extinction Time: 6.595620979713013
number of times greater than 60: 0
number times greater than 70: 0
number times greater than 80: 0
10001
Maximum Extinction Time: 9
Average Extinction Time: 6.314930991217064
number of times greater than 60: 0
number times greater than 70: 0
number times greater than 80: 0
10001
Maximum Extinction Time: 9
Average Extinction Time: 6.465727251015046
number of times greater than 60: 0
number times greater than 70: 0
number times greater than 80: 0
10001
Maximum Extinction Time: 9
Average Extinction Time: 6.385415435527715
number of times greater than 60: 0
number times greater than 70: 0
number times greater than 80: 0
10001
Maximum Extinction Time: 9
Average Extinction Time: 6.3804309842748985
number of times greater than 60: 0
number times greater than 70: 0
number times greater than 80: 0
10001
Maximum Extinction Time: 9
Average Extinction Time: 6.504263093788063
number of times greater than 60: 0
number times greater than 70: 0
number times greater than 80: 0
10001
Maximum Extinction Time: 9
Average Extinction Time: 6.400613062956849
number of times greater than 60: 0
number times greater than 70: 0
number times greater than 80: 0
10001
Maximum Extinction Time: 9
Average Extinction Time: 6.44452347083926
number of times greater than 60: 0
number times greater than 70: 0
number times greater than 80: 0
10001
Maximum Extinction Time: 9
Average Extinction Time: 6.728924323617828
number of times greater than 60: 0
number times greater than 70: 0
number times greater than 80: 0
10001
Maximum Extinction Time: 9
Average Extinction Time: 6.853417145914137
number of times greater than 60: 0
number times greater than 70: 0
number times greater than 80: 0
10001
Maximum Extinction Time: 9
Average Extinction Time: 6.220342730790492
number of times greater than 60: 0
number times greater than 70: 0
number times greater than 80: 0
10001
Maximum Extinction Time: 9
Average Extinction Time: 6.735059247810407
number of times greater than 60: 0
number times greater than 70: 0
number times greater than 80: 0
10001
Maximum Extinction Time: 9
Average Extinction Time: 6.360559149722736
number of times greater than 60: 0
number times greater than 70: 0
number times greater than 80: 0
10001
Maximum Extinction Time: 9
Average Extinction Time: 6.463697157869596
number of times greater than 60: 0
number times greater than 70: 0
number times greater than 80: 0
10001
Maximum Extinction Time: 9
Average Extinction Time: 6.387373795984681
number of times greater than 60: 0
number times greater than 70: 0
number times greater than 80: 0
10001
Maximum Extinction Time: 9
Average Extinction Time: 6.443550295857988
number of times greater than 60: 0
number times greater than 70: 0
number times greater than 80: 0
10001
Maximum Extinction Time: 9
Average Extinction Time: 6.2729514628404885
number of times greater than 60: 0
number times greater than 70: 0
number times greater than 80: 0
10001
Maximum Extinction Time: 9
Average Extinction Time: 6.392028901060482
number of times greater than 60: 0
number times greater than 70: 0
number times greater than 80: 0
10001
Maximum Extinction Time: 9
Average Extinction Time: 6.276001800990545
number of times greater than 60: 0
number times greater than 70: 0
number times greater than 80: 0
