/home/dswartz/julia-1.9.0/bin/julia
Number of threads: 8
(1, 1, 20000)
0.18375
(1, 2, 20000)
0.19025
(1, 3, 20000)
0.19225
(1, 4, 20000)
0.19405
(1, 5, 20000)
0.1949
(1, 6, 20000)
0.2012
(1, 7, 20000)
0.21185
(1, 8, 20000)
0.2272
(1, 9, 20000)
0.2323
(1, 10, 20000)
0.25855
(1, 11, 20000)
0.2837
(1, 12, 20000)
0.31415
(1, 13, 20000)
0.3451
(1, 14, 20000)
0.37865
(1, 15, 20000)
0.4177
(1, 16, 20000)
0.44685
(1, 17, 20000)
0.47295
(1, 18, 20000)
0.4922
(1, 19, 20000)
0.50205
(1, 20, 20000)
0.49855
(1, 21, 20000)
0.5029
(1, 22, 20000)
0.5058
(1, 23, 20000)
0.514
(1, 24, 20000)
0.5004
(1, 25, 20000)
0.499
(1, 26, 20000)
0.493
(1, 27, 20000)
0.4903
(1, 28, 20000)
0.4817
(1, 29, 20000)
0.4783
(1, 30, 20000)
0.46615
(2, 1, 20000)
0.37745
(2, 2, 20000)
0.384
(2, 3, 20000)
0.4
(2, 4, 20000)
0.40595
(2, 5, 20000)
0.4263
(2, 6, 20000)
0.44895
(2, 7, 20000)
0.4813
(2, 8, 20000)
0.5202
(2, 9, 20000)
0.55785
(2, 10, 20000)
0.5985
(2, 11, 20000)
0.6505
(2, 12, 20000)
0.6917
(2, 13, 20000)
0.72755
(2, 14, 20000)
0.7478
(2, 15, 20000)
0.7651
(2, 16, 20000)
0.7759
(2, 17, 20000)
0.7752
(2, 18, 20000)
0.78105
(2, 19, 20000)
0.7846
(2, 20, 20000)
0.78855
(2, 21, 20000)
0.7782
(2, 22, 20000)
0.7768
(2, 23, 20000)
0.7712
(2, 24, 20000)
0.76845
(2, 25, 20000)
0.7625
(2, 26, 20000)
0.75265
(2, 27, 20000)
0.7487
(2, 28, 20000)
0.741
(2, 29, 20000)
0.7356
(2, 30, 20000)
0.72215
(3, 1, 20000)
0.12935
(3, 2, 20000)
0.1401
(3, 3, 20000)
0.14665
(3, 4, 20000)
0.17115
(3, 5, 20000)
0.18415
(3, 6, 20000)
0.2142
(3, 7, 20000)
0.23555
(3, 8, 20000)
0.26555
(3, 9, 20000)
0.2953
(3, 10, 20000)
0.32085
(3, 11, 20000)
0.3377
(3, 12, 20000)
0.35095
(3, 13, 20000)
0.35905
(3, 14, 20000)
0.36225
(3, 15, 20000)
0.36125
(3, 16, 20000)
0.3642
(3, 17, 20000)
0.35825
(3, 18, 20000)
0.35855
(3, 19, 20000)
0.35105
(3, 20, 20000)
0.3464
(3, 21, 20000)
0.3513
(3, 22, 20000)
0.3371
(3, 23, 20000)
0.3258
(3, 24, 20000)
0.3177
(3, 25, 20000)
0.3166
(3, 26, 20000)
0.30435
(3, 27, 20000)
0.29005
(3, 28, 20000)
0.28945
(3, 29, 20000)
0.2887
(3, 30, 20000)
0.2737
(4, 1, 20000)
0.1738
(4, 2, 20000)
0.20155
(4, 3, 20000)
0.2288
(4, 4, 20000)
0.25685
(4, 5, 20000)
0.29185
(4, 6, 20000)
0.31775
(4, 7, 20000)
0.3496
(4, 8, 20000)
0.36195
(4, 9, 20000)
0.3768
(4, 10, 20000)
0.3816
(4, 11, 20000)
0.38815
(4, 12, 20000)
0.3948
(4, 13, 20000)
0.39205
(4, 14, 20000)
0.3932
(4, 15, 20000)
0.3855
(4, 16, 20000)
0.3867
(4, 17, 20000)
0.377
(4, 18, 20000)
0.3709
(4, 19, 20000)
0.36655
(4, 20, 20000)
0.3548
(4, 21, 20000)
0.3402
(4, 22, 20000)
0.3334
(4, 23, 20000)
0.32955
(4, 24, 20000)
0.3194
(4, 25, 20000)
0.31455
(4, 26, 20000)
0.2996
(4, 27, 20000)
0.28995
(4, 28, 20000)
0.2811
(4, 29, 20000)
0.2696
(4, 30, 20000)
0.2547
(5, 1, 20000)
0.78745
(5, 2, 20000)
0.82565
(5, 3, 20000)
0.8575
(5, 4, 20000)
0.87355
(5, 5, 20000)
0.8892
(5, 6, 20000)
0.9009
(5, 7, 20000)
0.9011
(5, 8, 20000)
0.9093
(5, 9, 20000)
0.91435
(5, 10, 20000)
0.91805
(5, 11, 20000)
0.9171
(5, 12, 20000)
0.92385
(5, 13, 20000)
0.9171
(5, 14, 20000)
0.91865
(5, 15, 20000)
0.91705
(5, 16, 20000)
0.9149
(5, 17, 20000)
0.9118
(5, 18, 20000)
0.90885
(5, 19, 20000)
0.9028
(5, 20, 20000)
0.8984
(5, 21, 20000)
0.88935
(5, 22, 20000)
0.88235
(5, 23, 20000)
0.8771
(5, 24, 20000)
0.8688
(5, 25, 20000)
0.86075
(5, 26, 20000)
0.8531
(5, 27, 20000)
0.8387
(5, 28, 20000)
0.834
(5, 29, 20000)
0.8211
(5, 30, 20000)
0.8166
(6, 1, 20000)
0.41575
(6, 2, 20000)
0.438
(6, 3, 20000)
0.45865
(6, 4, 20000)
0.46405
(6, 5, 20000)
0.4709
(6, 6, 20000)
0.4733
(6, 7, 20000)
0.475
(6, 8, 20000)
0.4773
(6, 9, 20000)
0.47745
(6, 10, 20000)
0.47405
(6, 11, 20000)
0.47
(6, 12, 20000)
0.46065
(6, 13, 20000)
0.45245
(6, 14, 20000)
0.44535
(6, 15, 20000)
0.43585
(6, 16, 20000)
0.4234
(6, 17, 20000)
0.4153
(6, 18, 20000)
0.40115
(6, 19, 20000)
0.3999
(6, 20, 20000)
0.38025
(6, 21, 20000)
0.3719
(6, 22, 20000)
0.3554
(6, 23, 20000)
0.3455
(6, 24, 20000)
0.33495
(6, 25, 20000)
0.3233
(6, 26, 20000)
0.3113
(6, 27, 20000)
0.3018
(6, 28, 20000)
0.2935
(6, 29, 20000)
0.27915
(6, 30, 20000)
0.2728
(7, 1, 20000)
0.0035
(7, 2, 20000)
0.00275
(7, 3, 20000)
0.00245
(7, 4, 20000)
0.0026
(7, 5, 20000)
0.00295
(7, 6, 20000)
0.0023
(7, 7, 20000)
0.00205
(7, 8, 20000)
0.0019
(7, 9, 20000)
0.0025
(7, 10, 20000)
0.0018
(7, 11, 20000)
0.00195
(7, 12, 20000)
0.0019
(7, 13, 20000)
0.00115
(7, 14, 20000)
0.002
(7, 15, 20000)
0.00145
(7, 16, 20000)
0.00125
(7, 17, 20000)
0.0014
(7, 18, 20000)
0.0009
(7, 19, 20000)
0.00135
(7, 20, 20000)
0.00085
(7, 21, 20000)
0.0013
(7, 22, 20000)
0.0011
(7, 23, 20000)
0.0008
(7, 24, 20000)
0.0008
(7, 25, 20000)
0.00095
(7, 26, 20000)
0.00145
(7, 27, 20000)
0.00095
(7, 28, 20000)
0.0008
(7, 29, 20000)
0.0009
(7, 30, 20000)
0.001
