/home/dswartz/julia-1.9.0/bin/julia
Graph 1 is connected.
Graph 2 is connected.
Graph 3 is connected.
Graph 4 is connected.
Graph 5 is connected.
Graph 6 is connected.
Graph 7 is connected.
Graph 8 is connected.
Graph 9 is connected.
Graph 10 is connected.
Graph 11 is connected.
Matrix 1 is not normalized
Matrix 2 is not normalized
Matrix 3 is not normalized
Matrix 4 is not normalized
Matrix 5 is not normalized
Matrix 6 is not normalized
Matrix 7 is not normalized
Matrix 8 is not normalized
Matrix 9 is not normalized
Matrix 10 is not normalized
Matrix 11 is not normalized
Number of threads: 8
Adjacency Matrix: 1, Migration Rate Index: 1, Replicates: 9000
0.04766666666666667
Adjacency Matrix: 1, Migration Rate Index: 2, Replicates: 9000
0.08844444444444445
Adjacency Matrix: 1, Migration Rate Index: 3, Replicates: 9000
0.3378888888888889
Adjacency Matrix: 1, Migration Rate Index: 4, Replicates: 9000
0.4671111111111111
Adjacency Matrix: 1, Migration Rate Index: 5, Replicates: 9000
0.473
Adjacency Matrix: 1, Migration Rate Index: 6, Replicates: 9000
0.39966666666666667
Adjacency Matrix: 1, Migration Rate Index: 7, Replicates: 9000
0.3238888888888889
Adjacency Matrix: 1, Migration Rate Index: 8, Replicates: 9000
0.24688888888888888
Adjacency Matrix: 1, Migration Rate Index: 9, Replicates: 9000
0.21555555555555556
Adjacency Matrix: 1, Migration Rate Index: 10, Replicates: 9000
0.2098888888888889
Adjacency Matrix: 2, Migration Rate Index: 1, Replicates: 9000
0.047
Adjacency Matrix: 2, Migration Rate Index: 2, Replicates: 9000
0.05466666666666667
Adjacency Matrix: 2, Migration Rate Index: 3, Replicates: 9000
0.1971111111111111
Adjacency Matrix: 2, Migration Rate Index: 4, Replicates: 9000
0.6093333333333333
Adjacency Matrix: 2, Migration Rate Index: 5, Replicates: 9000
0.7046666666666667
Adjacency Matrix: 2, Migration Rate Index: 6, Replicates: 9000
0.6813333333333333
Adjacency Matrix: 2, Migration Rate Index: 7, Replicates: 9000
0.559
Adjacency Matrix: 2, Migration Rate Index: 8, Replicates: 9000
0.3888888888888889
Adjacency Matrix: 2, Migration Rate Index: 9, Replicates: 9000
0.2427777777777778
Adjacency Matrix: 2, Migration Rate Index: 10, Replicates: 9000
0.20422222222222222
Adjacency Matrix: 3, Migration Rate Index: 1, Replicates: 9000
0.04388888888888889
Adjacency Matrix: 3, Migration Rate Index: 2, Replicates: 9000
0.06533333333333333
Adjacency Matrix: 3, Migration Rate Index: 3, Replicates: 9000
0.22166666666666668
Adjacency Matrix: 3, Migration Rate Index: 4, Replicates: 9000
0.5257777777777778
Adjacency Matrix: 3, Migration Rate Index: 5, Replicates: 9000
0.5693333333333334
Adjacency Matrix: 3, Migration Rate Index: 6, Replicates: 9000
0.5204444444444445
Adjacency Matrix: 3, Migration Rate Index: 7, Replicates: 9000
0.4108888888888889
Adjacency Matrix: 3, Migration Rate Index: 8, Replicates: 9000
0.2836666666666667
Adjacency Matrix: 3, Migration Rate Index: 9, Replicates: 9000
0.2318888888888889
Adjacency Matrix: 3, Migration Rate Index: 10, Replicates: 9000
0.21777777777777776
Adjacency Matrix: 4, Migration Rate Index: 1, Replicates: 9000
0.04711111111111111
Adjacency Matrix: 4, Migration Rate Index: 2, Replicates: 9000
0.0651111111111111
Adjacency Matrix: 4, Migration Rate Index: 3, Replicates: 9000
0.28744444444444445
Adjacency Matrix: 4, Migration Rate Index: 4, Replicates: 9000
0.5596666666666666
Adjacency Matrix: 4, Migration Rate Index: 5, Replicates: 9000
0.5894444444444444
Adjacency Matrix: 4, Migration Rate Index: 6, Replicates: 9000
0.5164444444444445
Adjacency Matrix: 4, Migration Rate Index: 7, Replicates: 9000
0.38466666666666666
Adjacency Matrix: 4, Migration Rate Index: 8, Replicates: 9000
0.2717777777777778
Adjacency Matrix: 4, Migration Rate Index: 9, Replicates: 9000
0.21522222222222223
Adjacency Matrix: 4, Migration Rate Index: 10, Replicates: 9000
0.20833333333333334
Adjacency Matrix: 5, Migration Rate Index: 1, Replicates: 9000
0.04655555555555556
Adjacency Matrix: 5, Migration Rate Index: 2, Replicates: 9000
0.057444444444444444
Adjacency Matrix: 5, Migration Rate Index: 3, Replicates: 9000
0.23755555555555555
Adjacency Matrix: 5, Migration Rate Index: 4, Replicates: 9000
0.573
Adjacency Matrix: 5, Migration Rate Index: 5, Replicates: 9000
0.6537777777777778
Adjacency Matrix: 5, Migration Rate Index: 6, Replicates: 9000
0.5976666666666667
Adjacency Matrix: 5, Migration Rate Index: 7, Replicates: 9000
0.47244444444444444
Adjacency Matrix: 5, Migration Rate Index: 8, Replicates: 9000
0.31955555555555554
Adjacency Matrix: 5, Migration Rate Index: 9, Replicates: 9000
0.23255555555555554
Adjacency Matrix: 5, Migration Rate Index: 10, Replicates: 9000
0.21322222222222223
Adjacency Matrix: 6, Migration Rate Index: 1, Replicates: 9000
0.042666666666666665
Adjacency Matrix: 6, Migration Rate Index: 2, Replicates: 9000
0.08444444444444445
Adjacency Matrix: 6, Migration Rate Index: 3, Replicates: 9000
0.26844444444444443
Adjacency Matrix: 6, Migration Rate Index: 4, Replicates: 9000
0.45944444444444443
Adjacency Matrix: 6, Migration Rate Index: 5, Replicates: 9000
0.4673333333333333
Adjacency Matrix: 6, Migration Rate Index: 6, Replicates: 9000
0.39766666666666667
Adjacency Matrix: 6, Migration Rate Index: 7, Replicates: 9000
0.316
Adjacency Matrix: 6, Migration Rate Index: 8, Replicates: 9000
0.2451111111111111
Adjacency Matrix: 6, Migration Rate Index: 9, Replicates: 9000
0.20766666666666667
Adjacency Matrix: 6, Migration Rate Index: 10, Replicates: 9000
0.216
Adjacency Matrix: 7, Migration Rate Index: 1, Replicates: 9000
0.04555555555555556
Adjacency Matrix: 7, Migration Rate Index: 2, Replicates: 9000
0.06666666666666667
Adjacency Matrix: 7, Migration Rate Index: 3, Replicates: 9000
0.255
Adjacency Matrix: 7, Migration Rate Index: 4, Replicates: 9000
0.5257777777777778
Adjacency Matrix: 7, Migration Rate Index: 5, Replicates: 9000
0.5841111111111111
Adjacency Matrix: 7, Migration Rate Index: 6, Replicates: 9000
0.517
Adjacency Matrix: 7, Migration Rate Index: 7, Replicates: 9000
0.4038888888888889
Adjacency Matrix: 7, Migration Rate Index: 8, Replicates: 9000
0.29444444444444445
Adjacency Matrix: 7, Migration Rate Index: 9, Replicates: 9000
0.23
Adjacency Matrix: 7, Migration Rate Index: 10, Replicates: 9000
0.206
Adjacency Matrix: 8, Migration Rate Index: 1, Replicates: 9000
0.04133333333333333
Adjacency Matrix: 8, Migration Rate Index: 2, Replicates: 9000
0.05377777777777778
Adjacency Matrix: 8, Migration Rate Index: 3, Replicates: 9000
0.20044444444444445
Adjacency Matrix: 8, Migration Rate Index: 4, Replicates: 9000
0.5794444444444444
Adjacency Matrix: 8, Migration Rate Index: 5, Replicates: 9000
0.6523333333333333
Adjacency Matrix: 8, Migration Rate Index: 6, Replicates: 9000
0.5983333333333334
Adjacency Matrix: 8, Migration Rate Index: 7, Replicates: 9000
0.475
Adjacency Matrix: 8, Migration Rate Index: 8, Replicates: 9000
0.3268888888888889
Adjacency Matrix: 8, Migration Rate Index: 9, Replicates: 9000
0.23044444444444445
Adjacency Matrix: 8, Migration Rate Index: 10, Replicates: 9000
0.214
Adjacency Matrix: 9, Migration Rate Index: 1, Replicates: 9000
0.04688888888888889
Adjacency Matrix: 9, Migration Rate Index: 2, Replicates: 9000
0.07833333333333334
Adjacency Matrix: 9, Migration Rate Index: 3, Replicates: 9000
0.23677777777777778
Adjacency Matrix: 9, Migration Rate Index: 4, Replicates: 9000
0.4513333333333333
Adjacency Matrix: 9, Migration Rate Index: 5, Replicates: 9000
0.48033333333333333
Adjacency Matrix: 9, Migration Rate Index: 6, Replicates: 9000
0.40744444444444444
Adjacency Matrix: 9, Migration Rate Index: 7, Replicates: 9000
0.32711111111111113
Adjacency Matrix: 9, Migration Rate Index: 8, Replicates: 9000
0.24833333333333332
Adjacency Matrix: 9, Migration Rate Index: 9, Replicates: 9000
0.21977777777777777
Adjacency Matrix: 9, Migration Rate Index: 10, Replicates: 9000
0.21488888888888888
Adjacency Matrix: 10, Migration Rate Index: 1, Replicates: 9000
0.04777777777777778
Adjacency Matrix: 10, Migration Rate Index: 2, Replicates: 9000
0.08177777777777778
Adjacency Matrix: 10, Migration Rate Index: 3, Replicates: 9000
0.30033333333333334
Adjacency Matrix: 10, Migration Rate Index: 4, Replicates: 9000
0.4621111111111111
Adjacency Matrix: 10, Migration Rate Index: 5, Replicates: 9000
0.48144444444444445
Adjacency Matrix: 10, Migration Rate Index: 6, Replicates: 9000
0.4037777777777778
Adjacency Matrix: 10, Migration Rate Index: 7, Replicates: 9000
0.32066666666666666
Adjacency Matrix: 10, Migration Rate Index: 8, Replicates: 9000
0.24844444444444444
Adjacency Matrix: 10, Migration Rate Index: 9, Replicates: 9000
0.21333333333333335
Adjacency Matrix: 10, Migration Rate Index: 10, Replicates: 9000
0.21044444444444443
Adjacency Matrix: 11, Migration Rate Index: 1, Replicates: 9000
0.044444444444444446
Adjacency Matrix: 11, Migration Rate Index: 2, Replicates: 9000
0.07333333333333333
Adjacency Matrix: 11, Migration Rate Index: 3, Replicates: 9000
0.31733333333333336
Adjacency Matrix: 11, Migration Rate Index: 4, Replicates: 9000
0.5647777777777778
Adjacency Matrix: 11, Migration Rate Index: 5, Replicates: 9000
0.5841111111111111
Adjacency Matrix: 11, Migration Rate Index: 6, Replicates: 9000
0.5114444444444445
Adjacency Matrix: 11, Migration Rate Index: 7, Replicates: 9000
0.4007777777777778
Adjacency Matrix: 11, Migration Rate Index: 8, Replicates: 9000
0.27344444444444443
Adjacency Matrix: 11, Migration Rate Index: 9, Replicates: 9000
0.21855555555555556
Adjacency Matrix: 11, Migration Rate Index: 10, Replicates: 9000
0.21922222222222223
Analysis results saved to ./plotting_data/analysis_results.jld2
pure virtual method called
terminate called without an active exception

[11897] signal (6.-6): Aborted
in expression starting at none:0
